19:02:10 **** Incremental Build of configuration Debug for project driver ****
make all 
Building file: ../MCAL/TIMR/TIMR_prg.c
Invoking: AVR Compiler
avr-gcc -Wall -g2 -gstabs -O0 -fpack-struct -fshort-enums -ffunction-sections -fdata-sections -std=gnu99 -funsigned-char -funsigned-bitfields -mmcu=atmega32 -DF_CPU=8000000UL -MMD -MP -MF"MCAL/TIMR/TIMR_prg.d" -MT"MCAL/TIMR/TIMR_prg.o" -c -o "MCAL/TIMR/TIMR_prg.o" "../MCAL/TIMR/TIMR_prg.c"
Finished building: ../MCAL/TIMR/TIMR_prg.c
 
Building file: ../MCAL/GIE/GIE_prg.c
Invoking: AVR Compiler
avr-gcc -Wall -g2 -gstabs -O0 -fpack-struct -fshort-enums -ffunction-sections -fdata-sections -std=gnu99 -funsigned-char -funsigned-bitfields -mmcu=atmega32 -DF_CPU=8000000UL -MMD -MP -MF"MCAL/GIE/GIE_prg.d" -MT"MCAL/GIE/GIE_prg.o" -c -o "MCAL/GIE/GIE_prg.o" "../MCAL/GIE/GIE_prg.c"
Finished building: ../MCAL/GIE/GIE_prg.c
 
Building file: ../MCAL/EXTI/EXTI_prg.c
Invoking: AVR Compiler
avr-gcc -Wall -g2 -gstabs -O0 -fpack-struct -fshort-enums -ffunction-sections -fdata-sections -std=gnu99 -funsigned-char -funsigned-bitfields -mmcu=atmega32 -DF_CPU=8000000UL -MMD -MP -MF"MCAL/EXTI/EXTI_prg.d" -MT"MCAL/EXTI/EXTI_prg.o" -c -o "MCAL/EXTI/EXTI_prg.o" "../MCAL/EXTI/EXTI_prg.c"
Finished building: ../MCAL/EXTI/EXTI_prg.c
 
Building file: ../MCAL/DIO/DIO_prog.c
Invoking: AVR Compiler
avr-gcc -Wall -g2 -gstabs -O0 -fpack-struct -fshort-enums -ffunction-sections -fdata-sections -std=gnu99 -funsigned-char -funsigned-bitfields -mmcu=atmega32 -DF_CPU=8000000UL -MMD -MP -MF"MCAL/DIO/DIO_prog.d" -MT"MCAL/DIO/DIO_prog.o" -c -o "MCAL/DIO/DIO_prog.o" "../MCAL/DIO/DIO_prog.c"
Finished building: ../MCAL/DIO/DIO_prog.c
 
Building file: ../MCAL/ADC/ADC_prg.c
Invoking: AVR Compiler
avr-gcc -Wall -g2 -gstabs -O0 -fpack-struct -fshort-enums -ffunction-sections -fdata-sections -std=gnu99 -funsigned-char -funsigned-bitfields -mmcu=atmega32 -DF_CPU=8000000UL -MMD -MP -MF"MCAL/ADC/ADC_prg.d" -MT"MCAL/ADC/ADC_prg.o" -c -o "MCAL/ADC/ADC_prg.o" "../MCAL/ADC/ADC_prg.c"
Finished building: ../MCAL/ADC/ADC_prg.c
 
Building file: ../HAL/keypad/keypad_prg.c
Invoking: AVR Compiler
avr-gcc -Wall -g2 -gstabs -O0 -fpack-struct -fshort-enums -ffunction-sections -fdata-sections -std=gnu99 -funsigned-char -funsigned-bitfields -mmcu=atmega32 -DF_CPU=8000000UL -MMD -MP -MF"HAL/keypad/keypad_prg.d" -MT"HAL/keypad/keypad_prg.o" -c -o "HAL/keypad/keypad_prg.o" "../HAL/keypad/keypad_prg.c"
In file included from ../HAL/keypad/keypad_prg.c:4:
d:/imt_sdk_win_64/imt_sdk_win_64/winavr/lib/gcc/../../avr/include/util/delay.h:90:3: warning: #warning "Compiler optimizations disabled; functions from <util/delay.h> won't work as designed"
Finished building: ../HAL/keypad/keypad_prg.c
 
Building file: ../APP/main.c
Invoking: AVR Compiler
avr-gcc -Wall -g2 -gstabs -O0 -fpack-struct -fshort-enums -ffunction-sections -fdata-sections -std=gnu99 -funsigned-char -funsigned-bitfields -mmcu=atmega32 -DF_CPU=8000000UL -MMD -MP -MF"APP/main.d" -MT"APP/main.o" -c -o "APP/main.o" "../APP/main.c"
Finished building: ../APP/main.c
 
Building target: driver.elf
Invoking: AVR C Linker
avr-gcc -Wl,-Map,driver.map -mmcu=atmega32 -o "driver.elf"  ./MCAL/TIMR/TIMR_prg.o  ./MCAL/GIE/GIE_prg.o  ./MCAL/EXTI/EXTI_prg.o  ./MCAL/DIO/DIO_prog.o  ./MCAL/ADC/ADC_prg.o  ./HAL/keypad/keypad_prg.o  ./APP/main.o   
Finished building target: driver.elf
 
Invoking: AVR Create Extended Listing
avr-objdump -h -S driver.elf  >"driver.lss"
Finished building: driver.lss
 
Create Flash image (ihex format)
avr-objcopy -R .eeprom -R .fuse -R .lock -R .signature -O ihex driver.elf  "driver.hex"
Finished building: driver.hex
 
Invoking: Print Size
avr-size --format=berkeley -t driver.elf
   text	   data	    bss	    dec	    hex	filename
   7062	      8	     17	   7087	   1baf	driver.elf
   7062	      8	     17	   7087	   1baf	(TOTALS)
Finished building: sizedummy
 
19:26:23 **** Incremental Build of configuration Debug for project EXTI ****
make all 
Invoking: Print Size
avr-size --format=berkeley -t EXTI.elf
   text	   data	    bss	    dec	    hex	filename
   6598	      8	      7	   6613	   19d5	EXTI.elf
   6598	      8	      7	   6613	   19d5	(TOTALS)
Finished building: sizedummy
 
19:26:24 **** Incremental Build of configuration Debug for project LCD ****
make all 
Building file: ../LCD_prg.c
Invoking: AVR Compiler
avr-gcc -Wall -g2 -gstabs -O0 -fpack-struct -fshort-enums -ffunction-sections -fdata-sections -std=gnu99 -funsigned-char -funsigned-bitfields -mmcu=atmega32 -DF_CPU=8000000UL -MMD -MP -MF"LCD_prg.d" -MT"LCD_prg.o" -c -o "LCD_prg.o" "../LCD_prg.c"
In file included from ../LCD_prg.c:7:
d:/imt_sdk_win_64/imt_sdk_win_64/winavr/lib/gcc/../../avr/include/util/delay.h:90:3: warning: #warning "Compiler optimizations disabled; functions from <util/delay.h> won't work as designed"
../LCD_prg.c:8:33: error: ../../inc/STD_TYPES.h: No such file or directory
../LCD_prg.c:9:32: error: ../../inc/BIT_MATH.h: No such file or directory
../LCD_prg.c:11:32: error: ../../MCAL/DIO_int.h: No such file or directory
../LCD_prg.c:12:32: error: ../../MCAL/DIO_prv.h: No such file or directory
../LCD_prg.c:13:32: error: ../../MCAL/DIO_prog.c: No such file or directory
In file included from ../LCD_prg.c:15:
../LCD_int.h:24: error: expected ')' before 'A_u8cmd'
../LCD_int.h:26: error: expected ')' before 'A_u8Char'
../LCD_int.h:27: warning: type defaults to 'int' in declaration of 'u8'
../LCD_int.h:27: error: expected ';', ',' or ')' before 'A_u8Str'
../LCD_int.h:29: error: expected ')' before 'A_u32Number'
../LCD_int.h:31: error: expected ')' before 'A_u8Row'
../LCD_int.h:35: error: expected ')' before 'A_u8PatternIdx'
../LCD_int.h:37: error: expected ')' before 'A_u8PatternIdx'
../LCD_prg.c: In function 'HLCD_vInit':
../LCD_prg.c:20: warning: implicit declaration of function 'MDIO_vSetPinDir'
../LCD_prg.c:20: error: 'DIO_PORTA' undeclared (first use in this function)
../LCD_prg.c:20: error: (Each undeclared identifier is reported only once
../LCD_prg.c:20: error: for each function it appears in.)
../LCD_prg.c:20: error: 'DIO_PIN0' undeclared (first use in this function)
../LCD_prg.c:20: error: 'DIO_OUTPUT' undeclared (first use in this function)
../LCD_prg.c:21: error: 'DIO_PIN1' undeclared (first use in this function)
../LCD_prg.c:22: error: 'DIO_PIN2' undeclared (first use in this function)
../LCD_prg.c:23: warning: implicit declaration of function 'MDIO_vSetPortDir'
../LCD_prg.c:23: error: 'DIO_PORTD' undeclared (first use in this function)
../LCD_prg.c:23: error: 'DIO_PORT_OUTPUT' undeclared (first use in this function)
../LCD_prg.c:27: warning: implicit declaration of function 'HLCD_vSendCmd'
../LCD_prg.c: At top level:
../LCD_prg.c:36: error: expected ')' before 'A_u8cmd'
../LCD_prg.c:54: error: expected ')' before 'A_u8Char'
../LCD_prg.c:72: warning: type defaults to 'int' in declaration of 'u8'
../LCD_prg.c:72: error: expected ';', ',' or ')' before 'A_s8Str'
../LCD_prg.c:79: error: expected ')' before 'A_u32Number'
../LCD_prg.c:98: error: expected ')' before 'A_u8Row'
../LCD_prg.c:123: error: expected ')' before 'A_u8PatternIdx'
../LCD_prg.c:151: error: expected ')' before 'A_u8PatternIdx'
make: *** [LCD_prg.o] Error 1
19:26:24 **** Incremental Build of configuration Debug for project dc_Motor_EXTI ****
make all 
Invoking: Print Size
avr-size --format=berkeley -t dc_Motor_EXTI.elf
   text	   data	    bss	    dec	    hex	filename
   6014	      8	      6	   6028	   178c	dc_Motor_EXTI.elf
   6014	      8	      6	   6028	   178c	(TOTALS)
Finished building: sizedummy
 
19:26:25 **** Incremental Build of configuration Debug for project dc_motor ****
make all 
Invoking: Print Size
avr-size --format=berkeley -t dc_motor.elf
   text	   data	    bss	    dec	    hex	filename
   6028	      8	      0	   6036	   1794	dc_motor.elf
   6028	      8	      0	   6036	   1794	(TOTALS)
Finished building: sizedummy
 
19:26:25 **** Incremental Build of configuration Debug for project driver ****
make all 
Building file: ../MCAL/EXTI/EXTI_prg.c
Invoking: AVR Compiler
avr-gcc -Wall -g2 -gstabs -O0 -fpack-struct -fshort-enums -ffunction-sections -fdata-sections -std=gnu99 -funsigned-char -funsigned-bitfields -mmcu=atmega32 -DF_CPU=8000000UL -MMD -MP -MF"MCAL/EXTI/EXTI_prg.d" -MT"MCAL/EXTI/EXTI_prg.o" -c -o "MCAL/EXTI/EXTI_prg.o" "../MCAL/EXTI/EXTI_prg.c"
Finished building: ../MCAL/EXTI/EXTI_prg.c
 
Building file: ../HAL/LCD/LCD_prg.c
Invoking: AVR Compiler
avr-gcc -Wall -g2 -gstabs -O0 -fpack-struct -fshort-enums -ffunction-sections -fdata-sections -std=gnu99 -funsigned-char -funsigned-bitfields -mmcu=atmega32 -DF_CPU=8000000UL -MMD -MP -MF"HAL/LCD/LCD_prg.d" -MT"HAL/LCD/LCD_prg.o" -c -o "HAL/LCD/LCD_prg.o" "../HAL/LCD/LCD_prg.c"
In file included from ../HAL/LCD/LCD_prg.c:7:
d:/imt_sdk_win_64/imt_sdk_win_64/winavr/lib/gcc/../../avr/include/util/delay.h:90:3: warning: #warning "Compiler optimizations disabled; functions from <util/delay.h> won't work as designed"
Finished building: ../HAL/LCD/LCD_prg.c
 
Building target: driver.elf
Invoking: AVR C Linker
avr-gcc -Wl,-Map,driver.map -mmcu=atmega32 -o "driver.elf"  ./MCAL/TIMR/TIMR_prg.o  ./MCAL/GIE/GIE_prg.o  ./MCAL/EXTI/EXTI_prg.o  ./MCAL/DIO/DIO_prog.o  ./MCAL/ADC/ADC_prg.o  ./HAL/keypad/keypad_prg.o  ./HAL/LCD/LCD_prg.o  ./APP/main.o   
Finished building target: driver.elf
 
Invoking: AVR Create Extended Listing
avr-objdump -h -S driver.elf  >"driver.lss"
Finished building: driver.lss
 
Create Flash image (ihex format)
avr-objcopy -R .eeprom -R .fuse -R .lock -R .signature -O ihex driver.elf  "driver.hex"
Finished building: driver.hex
 
Invoking: Print Size
avr-size --format=berkeley -t driver.elf
   text	   data	    bss	    dec	    hex	filename
  10248	      8	     23	  10279	   2827	driver.elf
  10248	      8	     23	  10279	   2827	(TOTALS)
Finished building: sizedummy
 
19:26:27 **** Incremental Build of configuration Debug for project stepper ****
make all 
Invoking: Print Size
avr-size --format=berkeley -t stepper.elf
   text	   data	    bss	    dec	    hex	filename
   7766	      8	      0	   7774	   1e5e	stepper.elf
   7766	      8	      0	   7774	   1e5e	(TOTALS)
Finished building: sizedummy
 
19:36:52 **** Incremental Build of configuration Debug for project EXTI ****
make all 
Invoking: Print Size
avr-size --format=berkeley -t EXTI.elf
   text	   data	    bss	    dec	    hex	filename
   6598	      8	      7	   6613	   19d5	EXTI.elf
   6598	      8	      7	   6613	   19d5	(TOTALS)
Finished building: sizedummy
 
19:36:52 **** Incremental Build of configuration Debug for project dc_Motor_EXTI ****
make all 
Invoking: Print Size
avr-size --format=berkeley -t dc_Motor_EXTI.elf
   text	   data	    bss	    dec	    hex	filename
   6014	      8	      6	   6028	   178c	dc_Motor_EXTI.elf
   6014	      8	      6	   6028	   178c	(TOTALS)
Finished building: sizedummy
 
19:36:53 **** Incremental Build of configuration Debug for project dc_motor ****
make all 
Invoking: Print Size
avr-size --format=berkeley -t dc_motor.elf
   text	   data	    bss	    dec	    hex	filename
   6028	      8	      0	   6036	   1794	dc_motor.elf
   6028	      8	      0	   6036	   1794	(TOTALS)
Finished building: sizedummy
 
19:36:53 **** Incremental Build of configuration Debug for project driver ****
make all 
Building file: ../HAL/stepper/Stepper_prg.c
Invoking: AVR Compiler
avr-gcc -Wall -g2 -gstabs -O0 -fpack-struct -fshort-enums -ffunction-sections -fdata-sections -std=gnu99 -funsigned-char -funsigned-bitfields -mmcu=atmega32 -DF_CPU=8000000UL -MMD -MP -MF"HAL/stepper/Stepper_prg.d" -MT"HAL/stepper/Stepper_prg.o" -c -o "HAL/stepper/Stepper_prg.o" "../HAL/stepper/Stepper_prg.c"
In file included from ../HAL/stepper/Stepper_prg.c:8:
../HAL/stepper/stepper_int.h:20: error: expected ')' before 'A_f64StepDelay'
../HAL/stepper/stepper_int.h:21: error: expected ')' before 'A_f64StepDelay'
In file included from ../HAL/stepper/Stepper_prg.c:8:
../HAL/stepper/stepper_int.h:30:8: warning: extra tokens at end of #endif directive
In file included from ../HAL/stepper/Stepper_prg.c:11:
d:/imt_sdk_win_64/imt_sdk_win_64/winavr/lib/gcc/../../avr/include/avr/delay.h:36:2: warning: #warning "This file has been moved to <util/delay.h>."
In file included from d:/imt_sdk_win_64/imt_sdk_win_64/winavr/lib/gcc/../../avr/include/avr/delay.h:37,
                 from ../HAL/stepper/Stepper_prg.c:11:
d:/imt_sdk_win_64/imt_sdk_win_64/winavr/lib/gcc/../../avr/include/util/delay.h:90:3: warning: #warning "Compiler optimizations disabled; functions from <util/delay.h> won't work as designed"
make: *** [HAL/stepper/Stepper_prg.o] Error 1
19:36:54 **** Incremental Build of configuration Debug for project stepper ****
make all 
Invoking: Print Size
avr-size --format=berkeley -t stepper.elf
   text	   data	    bss	    dec	    hex	filename
   7766	      8	      0	   7774	   1e5e	stepper.elf
   7766	      8	      0	   7774	   1e5e	(TOTALS)
Finished building: sizedummy
 
19:37:21 **** Incremental Build of configuration Debug for project EXTI ****
make all 
Invoking: Print Size
avr-size --format=berkeley -t EXTI.elf
   text	   data	    bss	    dec	    hex	filename
   6598	      8	      7	   6613	   19d5	EXTI.elf
   6598	      8	      7	   6613	   19d5	(TOTALS)
Finished building: sizedummy
 
19:37:22 **** Incremental Build of configuration Debug for project dc_Motor_EXTI ****
make all 
Invoking: Print Size
avr-size --format=berkeley -t dc_Motor_EXTI.elf
   text	   data	    bss	    dec	    hex	filename
   6014	      8	      6	   6028	   178c	dc_Motor_EXTI.elf
   6014	      8	      6	   6028	   178c	(TOTALS)
Finished building: sizedummy
 
19:37:22 **** Incremental Build of configuration Debug for project dc_motor ****
make all 
Invoking: Print Size
avr-size --format=berkeley -t dc_motor.elf
   text	   data	    bss	    dec	    hex	filename
   6028	      8	      0	   6036	   1794	dc_motor.elf
   6028	      8	      0	   6036	   1794	(TOTALS)
Finished building: sizedummy
 
19:37:23 **** Incremental Build of configuration Debug for project driver ****
make all 
Building file: ../HAL/stepper/Stepper_prg.c
Invoking: AVR Compiler
avr-gcc -Wall -g2 -gstabs -O0 -fpack-struct -fshort-enums -ffunction-sections -fdata-sections -std=gnu99 -funsigned-char -funsigned-bitfields -mmcu=atmega32 -DF_CPU=8000000UL -MMD -MP -MF"HAL/stepper/Stepper_prg.d" -MT"HAL/stepper/Stepper_prg.o" -c -o "HAL/stepper/Stepper_prg.o" "../HAL/stepper/Stepper_prg.c"
In file included from ../HAL/stepper/Stepper_prg.c:11:
../HAL/stepper/stepper_int.h:30:8: warning: extra tokens at end of #endif directive
In file included from ../HAL/stepper/Stepper_prg.c:12:
d:/imt_sdk_win_64/imt_sdk_win_64/winavr/lib/gcc/../../avr/include/avr/delay.h:36:2: warning: #warning "This file has been moved to <util/delay.h>."
In file included from d:/imt_sdk_win_64/imt_sdk_win_64/winavr/lib/gcc/../../avr/include/avr/delay.h:37,
                 from ../HAL/stepper/Stepper_prg.c:12:
d:/imt_sdk_win_64/imt_sdk_win_64/winavr/lib/gcc/../../avr/include/util/delay.h:90:3: warning: #warning "Compiler optimizations disabled; functions from <util/delay.h> won't work as designed"
Finished building: ../HAL/stepper/Stepper_prg.c
 
Building target: driver.elf
Invoking: AVR C Linker
avr-gcc -Wl,-Map,driver.map -mmcu=atmega32 -o "driver.elf"  ./MCAL/TIMR/TIMR_prg.o  ./MCAL/GIE/GIE_prg.o  ./MCAL/EXTI/EXTI_prg.o  ./MCAL/DIO/DIO_prog.o  ./MCAL/ADC/ADC_prg.o  ./HAL/stepper/Stepper_prg.o  ./HAL/keypad/keypad_prg.o  ./HAL/LCD/LCD_prg.o  ./APP/main.o   
Finished building target: driver.elf
 
Invoking: AVR Create Extended Listing
avr-objdump -h -S driver.elf  >"driver.lss"
Finished building: driver.lss
 
Create Flash image (ihex format)
avr-objcopy -R .eeprom -R .fuse -R .lock -R .signature -O ihex driver.elf  "driver.hex"
Finished building: driver.hex
 
Invoking: Print Size
avr-size --format=berkeley -t driver.elf
   text	   data	    bss	    dec	    hex	filename
  12592	      8	     23	  12623	   314f	driver.elf
  12592	      8	     23	  12623	   314f	(TOTALS)
Finished building: sizedummy
 
19:37:24 **** Incremental Build of configuration Debug for project stepper ****
make all 
Invoking: Print Size
avr-size --format=berkeley -t stepper.elf
   text	   data	    bss	    dec	    hex	filename
   7766	      8	      0	   7774	   1e5e	stepper.elf
   7766	      8	      0	   7774	   1e5e	(TOTALS)
Finished building: sizedummy
 
19:37:38 **** Incremental Build of configuration Debug for project EXTI ****
make all 
Invoking: Print Size
avr-size --format=berkeley -t EXTI.elf
   text	   data	    bss	    dec	    hex	filename
   6598	      8	      7	   6613	   19d5	EXTI.elf
   6598	      8	      7	   6613	   19d5	(TOTALS)
Finished building: sizedummy
 
19:37:39 **** Incremental Build of configuration Debug for project dc_Motor_EXTI ****
make all 
Invoking: Print Size
avr-size --format=berkeley -t dc_Motor_EXTI.elf
   text	   data	    bss	    dec	    hex	filename
   6014	      8	      6	   6028	   178c	dc_Motor_EXTI.elf
   6014	      8	      6	   6028	   178c	(TOTALS)
Finished building: sizedummy
 
19:37:39 **** Incremental Build of configuration Debug for project dc_motor ****
make all 
Invoking: Print Size
avr-size --format=berkeley -t dc_motor.elf
   text	   data	    bss	    dec	    hex	filename
   6028	      8	      0	   6036	   1794	dc_motor.elf
   6028	      8	      0	   6036	   1794	(TOTALS)
Finished building: sizedummy
 
19:37:40 **** Incremental Build of configuration Debug for project driver ****
make all 
Invoking: Print Size
avr-size --format=berkeley -t driver.elf
   text	   data	    bss	    dec	    hex	filename
  12592	      8	     23	  12623	   314f	driver.elf
  12592	      8	     23	  12623	   314f	(TOTALS)
Finished building: sizedummy
 
19:37:40 **** Incremental Build of configuration Debug for project stepper ****
make all 
Invoking: Print Size
avr-size --format=berkeley -t stepper.elf
   text	   data	    bss	    dec	    hex	filename
   7766	      8	      0	   7774	   1e5e	stepper.elf
   7766	      8	      0	   7774	   1e5e	(TOTALS)
Finished building: sizedummy
 
