11:09:59 **** Incremental Build of configuration Debug for project key_pad ****
make all 
Building file: ../APP/main.c
Invoking: AVR Compiler
avr-gcc -Wall -g2 -gstabs -O0 -fpack-struct -fshort-enums -ffunction-sections -fdata-sections -std=gnu99 -funsigned-char -funsigned-bitfields -mmcu=atmega32 -DF_CPU=8000000UL -MMD -MP -MF"APP/main.d" -MT"APP/main.o" -c -o "APP/main.o" "../APP/main.c"
In file included from ../APP/main.c:9:
d:/imt_sdk_win_64/imt_sdk_win_64/winavr/lib/gcc/../../avr/include/avr/delay.h:36:2: warning: #warning "This file has been moved to <util/delay.h>."
In file included from d:/imt_sdk_win_64/imt_sdk_win_64/winavr/lib/gcc/../../avr/include/avr/delay.h:37,
                 from ../APP/main.c:9:
d:/imt_sdk_win_64/imt_sdk_win_64/winavr/lib/gcc/../../avr/include/util/delay.h:90:3: warning: #warning "Compiler optimizations disabled; functions from <util/delay.h> won't work as designed"
Finished building: ../APP/main.c
 
Building target: key_pad.elf
Invoking: AVR C Linker
avr-gcc -Wl,-Map,key_pad.map -mmcu=atmega32 -o "key_pad.elf"  ./MCAL/DIO/DIO_prog.o  ./APP/main.o   
Finished building target: key_pad.elf
 
Invoking: AVR Create Extended Listing
avr-objdump -h -S key_pad.elf  >"key_pad.lss"
Finished building: key_pad.lss
 
Create Flash image (ihex format)
avr-objcopy -R .eeprom -R .fuse -R .lock -R .signature -O ihex key_pad.elf  "key_pad.hex"
Finished building: key_pad.hex
 
Invoking: Print Size
avr-size --format=avr --mcu=atmega32 key_pad.elf
AVR Memory Usage
----------------
Device: atmega32

Program:    2224 bytes (6.8% Full)
(.text + .data + .bootloader)

Data:         10 bytes (0.5% Full)
(.data + .bss + .noinit)


Finished building: sizedummy
 

11:10:00 Build Finished (took 973ms)

