10:15:36 **** Incremental Build of configuration Debug for project sevn_segment ****
make all 
Building file: ../APP/main.c
Invoking: AVR Compiler
avr-gcc -Wall -g2 -gstabs -O0 -fpack-struct -fshort-enums -ffunction-sections -fdata-sections -std=gnu99 -funsigned-char -funsigned-bitfields -mmcu=atmega32 -DF_CPU=8000000UL -MMD -MP -MF"APP/main.d" -MT"APP/main.o" -c -o "APP/main.o" "../APP/main.c"
In file included from ../APP/main.c:9:
d:/imt_sdk_win_64/imt_sdk_win_64/winavr/lib/gcc/../../avr/include/avr/delay.h:36:2: warning: #warning "This file has been moved to <util/delay.h>."
In file included from d:/imt_sdk_win_64/imt_sdk_win_64/winavr/lib/gcc/../../avr/include/avr/delay.h:37,
                 from ../APP/main.c:9:
d:/imt_sdk_win_64/imt_sdk_win_64/winavr/lib/gcc/../../avr/include/util/delay.h:90:3: warning: #warning "Compiler optimizations disabled; functions from <util/delay.h> won't work as designed"
Finished building: ../APP/main.c
 
Building target: sevn_segment.elf
Invoking: AVR C Linker
avr-gcc -Wl,-Map,sevn_segment.map -mmcu=atmega32 -o "sevn_segment.elf"  ./MCAL/DIO/DIO_prog.o  ./APP/main.o   
Finished building target: sevn_segment.elf
 
Invoking: AVR Create Extended Listing
avr-objdump -h -S sevn_segment.elf  >"sevn_segment.lss"
Finished building: sevn_segment.lss
 
Create Flash image (ihex format)
avr-objcopy -R .eeprom -R .fuse -R .lock -R .signature -O ihex sevn_segment.elf  "sevn_segment.hex"
Finished building: sevn_segment.hex
 
Invoking: Print Size
avr-size --format=avr --mcu=atmega32 sevn_segment.elf
AVR Memory Usage
----------------
Device: atmega32

Program:    6224 bytes (19.0% Full)
(.text + .data + .bootloader)

Data:         18 bytes (0.9% Full)
(.data + .bss + .noinit)


Finished building: sizedummy
 

10:15:38 Build Finished (took 1s.79ms)

